// Jest Snapshot v1, https://goo.gl/fbAQLP

exports[`<CreateRoster /> renders correctly 1`] = `"{\\"type\\":\\"div\\",\\"props\\":{\\"className\\":\\"sc-bdVaJa knkgYJ\\"},\\"children\\":[{\\"type\\":\\"div\\",\\"props\\":{},\\"children\\":[{\\"type\\":\\"input\\",\\"props\\":{\\"type\\":\\"text\\",\\"value\\":\\"\\",\\"placeholder\\":\\"Enter a Roster Name\\"},\\"children\\":null}]},{\\"type\\":\\"div\\",\\"props\\":{},\\"children\\":null},{\\"type\\":\\"div\\",\\"props\\":{},\\"children\\":[{\\"type\\":\\"button\\",\\"props\\":{\\"type\\":\\"button\\"},\\"children\\":[\\"Create Roster\\"]}]},{\\"type\\":\\"div\\",\\"props\\":{\\"className\\":\\"sc-htpNat ewtrWV\\"},\\"children\\":[{\\"type\\":\\"div\\",\\"props\\":{},\\"children\\":[{\\"type\\":\\"strong\\",\\"props\\":{},\\"children\\":[\\"Player Legend:\\"]}]},{\\"type\\":\\"div\\",\\"props\\":{},\\"children\\":[\\"Green = Starters\\"]},{\\"type\\":\\"div\\",\\"props\\":{},\\"children\\":[\\"Yellow = Subs\\"]}]}]}"`;
